[24ago.2026 05:09:05.289] [main/DEBUG] [net.minecraftforge.fml.loading.FMLPaths/CORE]: Path GAMEDIR is /home/pedro/Documentos/java/deceasedcraft/BigBangExpeditions/.staging/server
[24ago.2026 05:09:05.289] [main/DEBUG] [net.minecraftforge.fml.loading.FMLPaths/CORE]: Path MODSDIR is /home/pedro/Documentos/java/deceasedcraft/BigBangExpeditions/.staging/server/mods
[24ago.2026 05:09:05.289] [main/DEBUG] [net.minecraftforge.fml.loading.FMLPaths/CORE]: Path CONFIGDIR is /home/pedro/Documentos/java/deceasedcraft/BigBangExpeditions/.staging/server/config
[24ago.2026 05:09:05.290] [main/DEBUG] [net.minecraftforge.fml.loading.FMLPaths/CORE]: Path FMLCONFIG is /home/pedro/Documentos/java/deceasedcraft/BigBangExpeditions/.staging/server/config/fml.toml
[24ago.2026 05:09:06.250] [main/DEBUG] [cpw.mods.modlauncher.TransformationServicesHandler/MODLAUNCHER]: Found additional transformation services from discovery services: [/home/pedro/Documentos/java/deceasedcraft/BigBangExpeditions/.staging/server/mods/CrashAssistant-forge-1.19-1.20.1-1.10.27.jar][/home/pedro/Documentos/java/deceasedcraft/BigBangExpeditions/.staging/server/mods/CrashAssistant-forge-1.19-1.20.1-1.10.27.jar][/home/pedro/Documentos/java/deceasedcraft/BigBangExpeditions/.staging/server/mods/lazyyyyy-lexforge-core-0.14.19.jar][/home/pedro/Documentos/java/deceasedcraft/BigBangExpeditions/.staging/server/mods/lazyyyyy-lexforge-core-0.14.19.jar]
[24ago.2026 05:09:06.545] [main/INFO] [mixin/]: SpongePowered MIXIN Subsystem Version=0.8.5 Source=union:/home/pedro/Documentos/java/deceasedcraft/BigBangExpeditions/.staging/server/libraries/org/spongepowered/mixin/0.8.5/mixin-0.8.5.jar%2365!/ Service=ModLauncher Env=SERVER
[24ago.2026 05:09:06.554] [main/DEBUG] [net.minecraftforge.fml.loading.FMLPaths/CORE]: Path GAMEDIR is /home/pedro/Documentos/java/deceasedcraft/BigBangExpeditions/.staging/server
[24ago.2026 05:09:06.554] [main/DEBUG] [net.minecraftforge.fml.loading.FMLPaths/CORE]: Path MODSDIR is /home/pedro/Documentos/java/deceasedcraft/BigBangExpeditions/.staging/server/mods
[24ago.2026 05:09:06.554] [main/DEBUG] [net.minecraftforge.fml.loading.FMLPaths/CORE]: Path CONFIGDIR is /home/pedro/Documentos/java/deceasedcraft/BigBangExpeditions/.staging/server/config
[24ago.2026 05:09:06.554] [main/DEBUG] [net.minecraftforge.fml.loading.FMLPaths/CORE]: Path FMLCONFIG is /home/pedro/Documentos/java/deceasedcraft/BigBangExpeditions/.staging/server/config/fml.toml
[24ago.2026 05:09:06.625] [main/DEBUG] [net.minecraftforge.fml.loading.moddiscovery.ModFileParser/LOADING]: Considering mod file candidate /home/pedro/Documentos/java/deceasedcraft/BigBangExpeditions/.staging/server/mods/[1.20.1] SecurityCraft v1.9.12.jar
[24ago.2026 05:09:06.715] [main/DEBUG] [net.minecraftforge.fml.loading.moddiscovery.ModFileParser/LOADING]: Considering mod file candidate /home/pedro/Documentos/java/deceasedcraft/BigBangExpeditions/.staging/server/mods/AdvancementPlaques-1.20.1-forge-1.6.9.jar
[24ago.2026 05:09:06.719] [main/DEBUG] [net.minecraftforge.fml.loading.moddiscovery.ModFileParser/LOADING]: Considering mod file candidate /home/pedro/Documentos/java/deceasedcraft/BigBangExpeditions/.staging/server/mods/AI-Improvements-1.20-0.5.2.jar
[24ago.2026 05:09:06.721] [main/DEBUG] [net.minecraftforge.fml.loading.moddiscovery.ModFileParser/LOADING]: Considering mod file candidate /home/pedro/Documentos/java/deceasedcraft/BigBangExpeditions/.staging/server/mods/alltheleaks-1.1.1+1.20.1-forge.jar
[24ago.2026 05:09:06.724] [main/DEBUG] [net.minecraftforge.fml.loading.moddiscovery.ModFileParser/LOADING]: Considering mod file candidate /home/pedro/Documentos/java/deceasedcraft/BigBangExpeditions/.staging/server/mods/almanac-1.20.x-forge-1.0.2.jar
[24ago.2026 05:09:06.726] [main/DEBUG] [net.minecraftforge.fml.loading.moddiscovery.ModFileParser/LOADING]: Considering mod file candidate /home/pedro/Documentos/java/deceasedcraft/BigBangExpeditions/.staging/server/mods/alternate_current-mc1.20-1.7.0.jar
[24ago.2026 05:09:06.728] [main/DEBUG] [net.minecraftforge.fml.loading.moddiscovery.ModFileParser/LOADING]: Considering mod file candidate /home/pedro/Documentos/java/deceasedcraft/BigBangExpeditions/.staging/server/mods/AlwaysEat-5.2.jar
[24ago.2026 05:09:06.731] [main/DEBUG] [net.minecraftforge.fml.loading.moddiscovery.ModFileParser/LOADING]: Considering mod file candidate /home/pedro/Documentos/java/deceasedcraft/BigBangExpeditions/.staging/server/mods/animal_pen-forge-1.20-1.6.1.jar
[24ago.2026 05:09:06.736] [main/DEBUG] [net.minecraftforge.fml.loading.moddiscovery.ModFileParser/LOADING]: Considering mod file candidate /home/pedro/Documentos/java/deceasedcraft/BigBangExpeditions/.staging/server/mods/another_furniture-forge-1.20.1-3.0.4.jar
[24ago.2026 05:09:06.741] [main/DEBUG] [net.minecraftforge.fml.loading.moddiscovery.ModFileParser/LOADING]: Considering mod file candidate /home/pedro/Documentos/java/deceasedcraft/BigBangExpeditions/.staging/server/mods/apoc_patches-1.0.4-all.jar
[24ago.2026 05:09:06.746] [main/DEBUG] [net.minecraftforge.fml.loading.moddiscovery.ModFileParser/LOADING]: Considering mod file candidate /home/pedro/Documentos/java/deceasedcraft/BigBangExpeditions/.staging/server/mods/apocalypsenow-3.0.4NS-forge-1.20.1.jar
[24ago.2026 05:09:06.748] [main/DEBUG] [net.minecraftforge.fml.loading.moddiscovery.ModFileParser/LOADING]: Considering mod file candidate /home/pedro/Documentos/java/deceasedcraft/BigBangExpeditions/.staging/server/mods/ApothicAttributes-1.20.1-1.3.7.jar
[24ago.2026 05:09:06.749] [main/DEBUG] [net.minecraftforge.fml.loading.moddiscovery.ModFileParser/LOADING]: Considering mod file candidate /home/pedro/Documentos/java/deceasedcraft/BigBangExpeditions/.staging/server/mods/appleskin-forge-mc1.20.1-2.5.1.jar
[24ago.2026 05:09:06.751] [main/DEBUG] [net.minecraftforge.fml.loading.moddiscovery.ModFileParser/LOADING]: Considering mod file candidate /home/pedro/Documentos/java/deceasedcraft/BigBangExpeditions/.staging/server/mods/architectury-9.2.14-forge.jar
[24ago.2026 05:09:06.752] [main/DEBUG] [net.minecraftforge.fml.loading.moddiscovery.ModFileParser/LOADING]: Considering mod file candidate /home/pedro/Documentos/java/deceasedcraft/BigBangExpeditions/.staging/server/mods/armorpointspp-forge-1.20-3.1.1.jar
[24ago.2026 05:09:06.754] [main/DEBUG] [net.minecraftforge.fml.loading.moddiscovery.ModFileParser/LOADING]: Considering mod file candidate /home/pedro/Documentos/java/deceasedcraft/BigBangExpeditions/.staging/server/mods/artifacts-forge-9.5.16.jar
[24ago.2026 05:09:06.755] [main/DEBUG] [net.minecraftforge.fml.loading.moddiscovery.ModFileParser/LOADING]: Considering mod file candidate /home/pedro/Documentos/java/deceasedcraft/BigBangExpeditions/.staging/server/mods/Atlas Lib-1.20.1-1.1.12.jar
[24ago.2026 05:09:06.767] [main/DEBUG] [net.minecraftforge.fml.loading.moddiscovery.ModFileParser/LOADING]: Considering mod file candidate /home/pedro/Documentos/java/deceasedcraft/BigBangExpeditions/.staging/server/mods/AttributeFix-Forge-1.20.1-21.0.4.jar
[24ago.2026 05:09:06.768] [main/DEBUG] [net.minecraftforge.fml.loading.moddiscovery.ModFileParser/LOADING]: Considering mod file candidate /home/pedro/Documentos/java/deceasedcraft/BigBangExpeditions/.staging/server/mods/BadOptimizations-2.2.3-1.20.1.jar
[24ago.2026 05:09:06.769] [main/DEBUG] [net.minecraftforge.fml.loading.moddiscovery.ModFileParser/LOADING]: Considering mod file candidate /home/pedro/Documentos/java/deceasedcraft/BigBangExpeditions/.staging/server/mods/baguettelib-1.20.1-Forge-1.0.0.jar
[24ago.2026 05:09:06.771] [main/DEBUG] [net.minecraftforge.fml.loading.moddiscovery.ModFileParser/LOADING]: Considering mod file candidate /home/pedro/Documentos/java/deceasedcraft/BigBangExpeditions/.staging/server/mods/balm-forge-1.20.1-7.3.31-all.jar
[24ago.2026 05:09:06.772] [main/DEBUG] [net.minecraftforge.fml.loading.moddiscovery.ModFileParser/LOADING]: Considering mod file candidate /home/pedro/Documentos/java/deceasedcraft/BigBangExpeditions/.staging/server/mods/BeeFix-1.20-1.0.7.jar
[24ago.2026 05:09:06.774] [main/DEBUG] [net.minecraftforge.fml.loading.moddiscovery.ModFileParser/LOADING]: Considering mod file candidate /home/pedro/Documentos/java/deceasedcraft/BigBangExpeditions/.staging/server/mods/BetterAdvancements-Forge-1.20.1-0.4.2.10.jar
[24ago.2026 05:09:06.775] [main/DEBUG] [net.minecraftforge.fml.loading.moddiscovery.ModFileParser/LOADING]: Considering mod file candidate /home/pedro/Documentos/java/deceasedcraft/BigBangExpeditions/.staging/server/mods/betterbiomereblend-1.5.3.jar
[24ago.2026 05:09:06.777] [main/DEBUG] [net.minecraftforge.fml.loading.moddiscovery.ModFileParser/LOADING]: Considering mod file candidate /home/pedro/Documentos/java/deceasedcraft/BigBangExpeditions/.staging/server/mods/bettercombat-forge-1.8.6+1.20.1.jar
[24ago.2026 05:09:06.780] [main/DEBUG] [net.minecraftforge.fml.loading.moddiscovery.ModFileParser/LOADING]: Considering mod file candidate /home/pedro/Documentos/java/deceasedcraft/BigBangExpeditions/.staging/server/mods/BetterCompatibilityChecker-forge-4.0.8+mc1.20.1.jar
[24ago.2026 05:09:06.781] [main/DEBUG] [net.minecraftforge.fml.loading.moddiscovery.ModFileParser/LOADING]: Considering mod file candidate /home/pedro/Documentos/java/deceasedcraft/BigBangExpeditions/.staging/server/mods/BigBangExpeditions-1.0.0.jar
[24ago.2026 05:09:06.781] [main/DEBUG] [net.minecraftforge.fml.loading.moddiscovery.ModFileInfo/LOADING]: Found valid mod file BigBangExpeditions-1.0.0.jar with {bigbangexpeditions} mods - versions {1.0.0}
[24ago.2026 05:09:06.782] [main/DEBUG] [net.minecraftforge.fml.loading.moddiscovery.ModFileParser/LOADING]: Considering mod file candidate /home/pedro/Documentos/java/deceasedcraft/BigBangExpeditions/.staging/server/mods/binocularsmod-1.02.jar
[24ago.2026 05:09:06.783] [main/DEBUG] [net.minecraftforge.fml.loading.moddiscovery.ModFileParser/LOADING]: Considering mod file candidate /home/pedro/Documentos/java/deceasedcraft/BigBangExpeditions/.staging/server/mods/biomereplacer-2.1-hippo-forge.jar
[24ago.2026 05:09:06.784] [main/DEBUG] [net.minecraftforge.fml.loading.moddiscovery.ModFileParser/LOADING]: Considering mod file candidate /home/pedro/Documentos/java/deceasedcraft/BigBangExpeditions/.staging/server/mods/biomesize-1.20.1-1.5.jar
[24ago.2026 05:09:06.787] [main/DEBUG] [net.minecraftforge.fml.loading.moddiscovery.ModFileParser/LOADING]: Considering mod file candidate /home/pedro/Documentos/java/deceasedcraft/BigBangExpeditions/.staging/server/mods/BiomesOPlenty-forge-1.20.1-19.0.0.96.jar
[24ago.2026 05:09:06.788] [main/DEBUG] [net.minecraftforge.fml.loading.moddiscovery.ModFileParser/LOADING]: Considering mod file candidate /home/pedro/Documentos/java/deceasedcraft/BigBangExpeditions/.staging/server/mods/biomespawnpoint-1.20.1-2.4.jar
[24ago.2026 05:09:06.789] [main/DEBUG] [net.minecraftforge.fml.loading.moddiscovery.ModFileParser/LOADING]: Considering mod file candidate /home/pedro/Documentos/java/deceasedcraft/BigBangExpeditions/.staging/server/mods/bocchium-1.20.1-0.0.3.jar
[24ago.2026 05:09:06.797] [main/DEBUG] [net.minecraftforge.fml.loading.moddiscovery.ModFileParser/LOADING]: Considering mod file candidate /home/pedro/Documentos/java/deceasedcraft/BigBangExpeditions/.staging/server/mods/Bookshelf-Forge-1.20.1-20.2.13.jar
[24ago.2026 05:09:06.799] [main/DEBUG] [net.minecraftforge.fml.loading.moddiscovery.ModFileParser/LOADING]: Considering mod file candidate /home/pedro/Documentos/java/deceasedcraft/BigBangExpeditions/.staging/server/mods/botarium-forge-1.20.1-2.3.4.jar
[24ago.2026 05:09:06.802] [main/DEBUG] [net.minecraftforge.fml.loading.moddiscovery.ModFileParser/LOADING]: Considering mod file candidate /home/pedro/Documentos/java/deceasedcraft/BigBangExpeditions/.staging/server/mods/BuildersDelight-1.20.1-v.1.3.jar
[24ago.2026 05:09:06.803] [main/DEBUG] [net.minecraftforge.fml.loading.moddiscovery.ModFileParser/LOADING]: Considering mod file candidate /home/pedro/Documentos/java/deceasedcraft/BigBangExpeditions/.staging/server/mods/carryon-forge-1.20.1-2.1.2.7.jar
[24ago.2026 05:09:06.805] [main/DEBUG] [net.minecraftforge.fml.loading.moddiscovery.ModFileParser/LOADING]: Considering mod file candidate /home/pedro/Documentos/java/deceasedcraft/BigBangExpeditions/.staging/server/mods/catalogue-forge-1.20.1-1.8.0.jar
[24ago.2026 05:09:06.833] [main/DEBUG] [net.minecraftforge.fml.loading.moddiscovery.ModFileParser/LOADING]: Considering mod file candidate /home/pedro/Documentos/java/deceasedcraft/BigBangExpeditions/.staging/server/mods/cfm-forge-1.20.1-7.0.0-pre36.jar
[24ago.2026 05:09:06.835] [main/DEBUG] [net.minecraftforge.fml.loading.moddiscovery.ModFileParser/LOADING]: Considering mod file candidate /home/pedro/Documentos/java/deceasedcraft/BigBangExpeditions/.staging/server/mods/cfm_wap-1.20.1-forge-1.2.0.jar
[24ago.2026 05:09:06.837] [main/DEBUG] [net.minecraftforge.fml.loading.moddiscovery.ModFileParser/LOADING]: Considering mod file candidate /home/pedro/Documentos/java/deceasedcraft/BigBangExpeditions/.staging/server/mods/CGM-Unofficial-1.4.18+Forge+1.20.1.jar
[24ago.2026 05:09:06.838] [main/DEBUG] [net.minecraftforge.fml.loading.moddiscovery.ModFileParser/LOADING]: Considering mod file candidate /home/pedro/Documentos/java/deceasedcraft/BigBangExpeditions/.staging/server/mods/chalk-1.20.1-1.6.7.jar
[24ago.2026 05:09:06.840] [main/DEBUG] [net.minecraftforge.fml.loading.moddiscovery.ModFileParser/LOADING]: Considering mod file candidate /home/pedro/Documentos/java/deceasedcraft/BigBangExpeditions/.staging/server/mods/Chunky-1.3.146.jar
[24ago.2026 05:09:06.842] [main/DEBUG] [net.minecraftforge.fml.loading.moddiscovery.ModFileParser/LOADING]: Considering mod file candidate /home/pedro/Documentos/java/deceasedcraft/BigBangExpeditions/.staging/server/mods/cleanview-1.20.1-v1.jar
[24ago.2026 05:09:06.842] [main/DEBUG] [net.minecraftforge.fml.loading.moddiscovery.ModFileParser/LOADING]: Considering mod file candidate /home/pedro/Documentos/java/deceasedcraft/BigBangExpeditions/.staging/server/mods/ClickMachine-1.20.1-8.0.2.jar
[24ago.2026 05:09:06.843] [main/DEBUG] [net.minecraftforge.fml.loading.moddiscovery.ModFileParser/LOADING]: Considering mod file candidate /home/pedro/Documentos/java/deceasedcraft/BigBangExpeditions/.staging/server/mods/clientcrafting-1.20.1-1.8.jar
[24ago.2026 05:09:06.844] [main/DEBUG] [net.minecraftforge.fml.loading.moddiscovery.ModFileParser/LOADING]: Considering mod file candidate /home/pedro/Documentos/java/deceasedcraft/BigBangExpeditions/.staging/server/mods/cloth-config-11.1.136-forge.jar
[24ago.2026 05:09:06.845] [main/DEBUG] [net.minecraftforge.fml.loading.moddiscovery.ModFileParser/LOADING]: Considering mod file candidate /home/pedro/Documentos/java/deceasedcraft/BigBangExpeditions/.staging/server/mods/Clumps-forge-1.20.1-12.0.0.4.jar
[24ago.2026 05:09:06.846] [main/DEBUG] [net.minecraftforge.fml.loading.moddiscovery.ModFileParser/LOADING]: Considering mod file candidate /home/pedro/Documentos/java/deceasedcraft/BigBangExpeditions/.staging/server/mods/cobweb-forge-1.20.1-1.0.1.jar
[24ago.2026 05:09:06.847] [main/DEBUG] [net.minecraftforge.fml.loading.moddiscovery.ModFileParser/LOADING]: Considering mod file candidate /home/pedro/Documentos/java/deceasedcraft/BigBangExpeditions/.staging/server/mods/collective-1.20.1-8.3.jar
[24ago.2026 05:09:06.848] [main/DEBUG] [net.minecraftforge.fml.loading.moddiscovery.ModFileParser/LOADING]: Considering mod file candidate /home/pedro/Documentos/java/deceasedcraft/BigBangExpeditions/.staging/server/mods/comforts-forge-6.4.0+1.20.1.jar
[24ago.2026 05:09:06.851] [main/DEBUG] [net.minecraftforge.fml.loading.moddiscovery.ModFileParser/LOADING]: Considering mod file candidate /home/pedro/Documentos/java/deceasedcraft/BigBangExpeditions/.staging/server/mods/configured-forge-1.20.1-2.2.3.jar
[24ago.2026 05:09:06.852] [main/DEBUG] [net.minecraftforge.fml.loading.moddiscovery.ModFileParser/LOADING]: Considering mod file candidate /home/pedro/Documentos/java/deceasedcraft/BigBangExpeditions/.staging/server/mods/connectivity-1.20.1-7.2.jar
[24ago.2026 05:09:06.854] [main/DEBUG] [net.minecraftforge.fml.loading.moddiscovery.ModFileParser/LOADING]: Considering mod file candidate /home/pedro/Documentos/java/deceasedcraft/BigBangExpeditions/.staging/server/mods/Controlling-forge-1.20.1-12.0.2.jar
[24ago.2026 05:09:06.856] [main/DEBUG] [net.minecraftforge.fml.loading.moddiscovery.ModFileParser/LOADING]: Considering mod file candidate /home/pedro/Documentos/java/deceasedcraft/BigBangExpeditions/.staging/server/mods/Corgilib-Forge-1.20.1-4.0.3.4.jar
[24ago.2026 05:09:06.856] [main/DEBUG] [net.minecraftforge.fml.loading.moddiscovery.ModFileParser/LOADING]: Considering mod file candidate /home/pedro/Documentos/java/deceasedcraft/BigBangExpeditions/.staging/server/mods/coroutil-forge-1.20.1-1.3.7.jar
[24ago.2026 05:09:06.857] [main/DEBUG] [net.minecraftforge.fml.loading.moddiscovery.ModFileParser/LOADING]: Considering mod file candidate /home/pedro/Documentos/java/deceasedcraft/BigBangExpeditions/.staging/server/mods/corpse-forge-1.20.1-1.0.21.jar
[24ago.2026 05:09:06.858] [main/DEBUG] [net.minecraftforge.fml.loading.moddiscovery.ModFileParser/LOADING]: Considering mod file candidate /home/pedro/Documentos/java/deceasedcraft/BigBangExpeditions/.staging/server/mods/corpsecurioscompat-1.20.1-Forge-3.1.2.jar
[24ago.2026 05:09:06.860] [main/DEBUG] [net.minecraftforge.fml.loading.moddiscovery.ModFileParser/LOADING]: Considering mod file candidate /home/pedro/Documentos/java/deceasedcraft/BigBangExpeditions/.staging/server/mods/cosmeticarmorreworked-1.20.1-v1a.jar
[24ago.2026 05:09:06.862] [main/DEBUG] [net.minecraftforge.fml.loading.moddiscovery.ModFileParser/LOADING]: Considering mod file candidate /home/pedro/Documentos/java/deceasedcraft/BigBangExpeditions/.staging/server/mods/CraftPresence-2.7.0+1.20.1-forge.jar
[24ago.2026 05:09:06.868] [main/DEBUG] [net.minecraftforge.fml.loading.moddiscovery.ModFileParser/LOADING]: Considering mod file candidate /home/pedro/Documentos/java/deceasedcraft/BigBangExpeditions/.staging/server/mods/create-1.20.1-6.0.6.jar
[24ago.2026 05:09:06.872] [main/DEBUG] [net.minecraftforge.fml.loading.moddiscovery.ModFileParser/LOADING]: Considering mod file candidate /home/pedro/Documentos/java/deceasedcraft/BigBangExpeditions/.staging/server/mods/create-stuff-additions1.20.1_v2.1.0.jar
[24ago.2026 05:09:06.874] [main/DEBUG] [net.minecraftforge.fml.loading.moddiscovery.ModFileParser/LOADING]: Considering mod file candidate /home/pedro/Documentos/java/deceasedcraft/BigBangExpeditions/.staging/server/mods/create_central_kitchen-1.20.1-for-create-6.0.6-1.4.3b.jar
[24ago.2026 05:09:06.875] [main/DEBUG] [net.minecraftforge.fml.loading.moddiscovery.ModFileParser/LOADING]: Considering mod file candidate /home/pedro/Documentos/java/deceasedcraft/BigBangExpeditions/.staging/server/mods/create_hypertube-0.2.5-FORGE.jar
[24ago.2026 05:09:06.876] [main/DEBUG] [net.minecraftforge.fml.loading.moddiscovery.ModFileParser/LOADING]: Considering mod file candidate /home/pedro/Documentos/java/deceasedcraft/BigBangExpeditions/.staging/server/mods/createaddition-1.20.1-1.3.2.jar
[24ago.2026 05:09:06.877] [main/DEBUG] [net.minecraftforge.fml.loading.moddiscovery.ModFileParser/LOADING]: Considering mod file candidate /home/pedro/Documentos/java/deceasedcraft/BigBangExpeditions/.staging/server/mods/createbetterfps-1.20.1-1.1.1.jar
[24ago.2026 05:09:06.878] [main/DEBUG] [net.minecraftforge.fml.loading.moddiscovery.ModFileParser/LOADING]: Considering mod file candidate /home/pedro/Documentos/java/deceasedcraft/BigBangExpeditions/.staging/server/mods/createbigcannons-5.9.1-mc.1.20.1-forge.jar
[24ago.2026 05:09:06.881] [main/DEBUG] [net.minecraftforge.fml.loading.moddiscovery.ModFileParser/LOADING]: Considering mod file candidate /home/pedro/Documentos/java/deceasedcraft/BigBangExpeditions/.staging/server/mods/createdeco-2.0.3-1.20.1-forge.jar
[24ago.2026 05:09:06.884] [main/DEBUG] [net.minecraftforge.fml.loading.moddiscovery.ModFileParser/LOADING]: Considering mod file candidate /home/pedro/Documentos/java/deceasedcraft/BigBangExpeditions/.staging/server/mods/createdieselgenerators-1.20.1-1.3.5.jar
[24ago.2026 05:09:06.886] [main/DEBUG] [net.minecraftforge.fml.loading.moddiscovery.ModFileParser/LOADING]: Considering mod file candidate /home/pedro/Documentos/java/deceasedcraft/BigBangExpeditions/.staging/server/mods/createstuffadditionsfix-forge-1.20.1-0.0.0.1.jar
[24ago.2026 05:09:06.887] [main/DEBUG] [net.minecraftforge.fml.loading.moddiscovery.ModFileParser/LOADING]: Considering mod file candidate /home/pedro/Documentos/java/deceasedcraft/BigBangExpeditions/.staging/server/mods/CreativeCore_FORGE_v2.12.32_mc1.20.1.jar
[24ago.2026 05:09:06.888] [main/DEBUG] [net.minecraftforge.fml.loading.moddiscovery.ModFileParser/LOADING]: Considering mod file candidate /home/pedro/Documentos/java/deceasedcraft/BigBangExpeditions/.staging/server/mods/crittersandcompanions-forge-1.20.1-2.3.5.jar
[24ago.2026 05:09:06.890] [main/DEBUG] [net.minecraftforge.fml.loading.moddiscovery.ModFileParser/LOADING]: Considering mod file candidate /home/pedro/Documentos/java/deceasedcraft/BigBangExpeditions/.staging/server/mods/CullLessLeaves-Reforged-1.20.1-1.0.5.jar
[24ago.2026 05:09:06.891] [main/DEBUG] [net.minecraftforge.fml.loading.moddiscovery.ModFileParser/LOADING]: Considering mod file candidate /home/pedro/Documentos/java/deceasedcraft/BigBangExpeditions/.staging/server/mods/cupboard-1.20.1-2.7.jar
[24ago.2026 05:09:06.892] [main/DEBUG] [net.minecraftforge.fml.loading.moddiscovery.ModFileParser/LOADING]: Considering mod file candidate /home/pedro/Documentos/java/deceasedcraft/BigBangExpeditions/.staging/server/mods/curios-forge-5.14.1+1.20.1.jar
[24ago.2026 05:09:06.895] [main/DEBUG] [net.minecraftforge.fml.loading.moddiscovery.ModFileParser/LOADING]: Considering mod file candidate /home/pedro/Documentos/java/deceasedcraft/BigBangExpeditions/.staging/server/mods/CustomNPCs-1.20.1-GBPort-Unofficial-20251031.jar
[24ago.2026 05:09:06.896] [main/DEBUG] [net.minecraftforge.fml.loading.moddiscovery.ModFileParser/LOADING]: Considering mod file candidate /home/pedro/Documentos/java/deceasedcraft/BigBangExpeditions/.staging/server/mods/customportalapi-0.0.1-forge-1.20.jar
[24ago.2026 05:09:06.898] [main/DEBUG] [net.minecraftforge.fml.loading.moddiscovery.ModFileParser/LOADING]: Considering mod file candidate /home/pedro/Documentos/java/deceasedcraft/BigBangExpeditions/.staging/server/mods/DarkPaintings-Forge-1.20.1-17.0.4.jar
[24ago.2026 05:09:06.912] [main/DEBUG] [net.minecraftforge.fml.loading.moddiscovery.ModFileParser/LOADING]: Considering mod file candidate /home/pedro/Documentos/java/deceasedcraft/BigBangExpeditions/.staging/server/mods/DCTweaks_5.10.14.jar
[24ago.2026 05:09:06.914] [main/DEBUG] [net.minecraftforge.fml.loading.moddiscovery.ModFileParser/LOADING]: Considering mod file candidate /home/pedro/Documentos/java/deceasedcraft/BigBangExpeditions/.staging/server/mods/deceased_expansion-1.10-all.jar
[24ago.2026 05:09:06.915] [main/DEBUG] [net.minecraftforge.fml.loading.moddiscovery.ModFileParser/LOADING]: Considering mod file candidate /home/pedro/Documentos/java/deceasedcraft/BigBangExpeditions/.staging/server/mods/default-server-properties-forge-81.1.0.jar
[24ago.2026 05:09:06.916] [main/DEBUG] [net.minecraftforge.fml.loading.moddiscovery.ModFileParser/LOADING]: Considering mod file candidate /home/pedro/Documentos/java/deceasedcraft/BigBangExpeditions/.staging/server/mods/defaultoptions-forge-1.20.1-18.0.4.jar
[24ago.2026 05:09:06.917] [main/DEBUG] [net.minecraftforge.fml.loading.moddiscovery.ModFileParser/LOADING]: Considering mod file candidate /home/pedro/Documentos/java/deceasedcraft/BigBangExpeditions/.staging/server/mods/diet-forge-2.1.1+1.20.1.jar
[24ago.2026 05:09:06.918] [main/DEBUG] [net.minecraftforge.fml.loading.moddiscovery.ModFileParser/LOADING]: Considering mod file candidate /home/pedro/Documentos/java/deceasedcraft/BigBangExpeditions/.staging/server/mods/displaydelight-1.1.0.jar
[24ago.2026 05:09:06.920] [main/DEBUG] [net.minecraftforge.fml.loading.moddiscovery.ModFileParser/LOADING]: Considering mod file candidate /home/pedro/Documentos/java/deceasedcraft/BigBangExpeditions/.staging/server/mods/DragN_Vehicles-1.20.1-1.3.2.jar
[24ago.2026 05:09:06.920] [main/DEBUG] [net.minecraftforge.fml.loading.moddiscovery.ModFileParser/LOADING]: Considering mod file candidate /home/pedro/Documentos/java/deceasedcraft/BigBangExpeditions/.staging/server/mods/dummmmmmy-1.20-2.0.9.jar
[24ago.2026 05:09:06.921] [main/DEBUG] [net.minecraftforge.fml.loading.moddiscovery.ModFileParser/LOADING]: Considering mod file candidate /home/pedro/Documentos/java/deceasedcraft/BigBangExpeditions/.staging/server/mods/durabilitytooltip-1.1.6-forge-mc1.20.jar
[24ago.2026 05:09:06.922] [main/DEBUG] [net.minecraftforge.fml.loading.moddiscovery.ModFileParser/LOADING]: Considering mod file candidate /home/pedro/Documentos/java/deceasedcraft/BigBangExpeditions/.staging/server/mods/e4mc_minecraft-forge-5.4.1.jar
[24ago.2026 05:09:06.922] [main/DEBUG] [net.minecraftforge.fml.loading.moddiscovery.ModFileParser/LOADING]: Considering mod file candidate /home/pedro/Documentos/java/deceasedcraft/BigBangExpeditions/.staging/server/mods/eh1.3.1-1.20.1.jar
[24ago.2026 05:09:06.926] [main/DEBUG] [net.minecraftforge.fml.loading.moddiscovery.ModFileParser/LOADING]: Considering mod file candidate /home/pedro/Documentos/java/deceasedcraft/BigBangExpeditions/.staging/server/mods/embellishcraft-1.20.1-7.0.0.0.jar
[24ago.2026 05:09:06.929] [main/DEBUG] [net.minecraftforge.fml.loading.moddiscovery.ModFileParser/LOADING]: Considering mod file candidate /home/pedro/Documentos/java/deceasedcraft/BigBangExpeditions/.staging/server/mods/EnchantmentDescriptions-Forge-1.20.1-17.1.19.jar
[24ago.2026 05:09:06.929] [main/DEBUG] [net.minecraftforge.fml.loading.moddiscovery.ModFileParser/LOADING]: Considering mod file candidate /home/pedro/Documentos/java/deceasedcraft/BigBangExpeditions/.staging/server/mods/EngineeredSchematics-1.2.3.jar
[24ago.2026 05:09:06.930] [main/DEBUG] [net.minecraftforge.fml.loading.moddiscovery.ModFileParser/LOADING]: Considering mod file candidate /home/pedro/Documentos/java/deceasedcraft/BigBangExpeditions/.staging/server/mods/Engineers Delight 1.20.1 B.1.4.jar
[24ago.2026 05:09:06.931] [main/DEBUG] [net.minecraftforge.fml.loading.moddiscovery.ModFileParser/LOADING]: Considering mod file candidate /home/pedro/Documentos/java/deceasedcraft/BigBangExpeditions/.staging/server/mods/enhancedai-2.6.8.jar
[24ago.2026 05:09:06.931] [main/DEBUG] [net.minecraftforge.fml.loading.moddiscovery.ModFileParser/LOADING]: Considering mod file candidate /home/pedro/Documentos/java/deceasedcraft/BigBangExpeditions/.staging/server/mods/entityculling-forge-1.9.4-mc1.20.1.jar
[24ago.2026 05:09:06.932] [main/DEBUG] [net.minecraftforge.fml.loading.moddiscovery.ModFileParser/LOADING]: Considering mod file candidate /home/pedro/Documentos/java/deceasedcraft/BigBangExpeditions/.staging/server/mods/entityjs-0.5.9-1.20.1.jar
[24ago.2026 05:09:06.934] [main/DEBUG] [net.minecraftforge.fml.loading.moddiscovery.ModFileParser/LOADING]: Considering mod file candidate /home/pedro/Documentos/java/deceasedcraft/BigBangExpeditions/.staging/server/mods/EquipmentCompare-1.20.1-forge-1.3.7.jar
[24ago.2026 05:09:06.935] [main/DEBUG] [net.minecraftforge.fml.loading.moddiscovery.ModFileParser/LOADING]: Considering mod file candidate /home/pedro/Documentos/java/deceasedcraft/BigBangExpeditions/.staging/server/mods/EuphoriaPatcher-1.7.8-r5.6.1-forge.jar
[24ago.2026 05:09:06.936] [main/DEBUG] [net.minecraftforge.fml.loading.moddiscovery.ModFileParser/LOADING]: Considering mod file candidate /home/pedro/Documentos/java/deceasedcraft/BigBangExpeditions/.staging/server/mods/expandability-9.0.4.jar
[24ago.2026 05:09:06.947] [main/DEBUG] [net.minecraftforge.fml.loading.moddiscovery.ModFileParser/LOADING]: Considering mod file candidate /home/pedro/Documentos/java/deceasedcraft/BigBangExpeditions/.staging/server/mods/explosiveenhancement-1.1.0-1.20.1-client-and-server.jar
